PASS  desktop /
PASS  desktop /car-wraps/
PASS  desktop /commercial-vehicle-wraps/
PASS  desktop /truck-wraps/
PASS  desktop /van-wraps/
PASS  desktop /tesla-vinyl-wraps/
PASS  desktop /vehicle-paint-protection-film-toronto/
PASS  desktop /signage/
PASS  desktop /storefront-signs-toronto/
PASS  desktop /contact/
PASS  desktop /full-car-wrap-toronto/
PASS  desktop /car-wrap-faqs/
PASS  desktop /trailer-wrap-toronto/
PASS  desktop /car-lettering-and-decals-gta/
PASS  desktop /blogs/vwt-tinting/
PASS  desktop /blog/
PASS  desktop /our-work/
PASS  desktop /boat-wrap-toronto/
PASS  mobile /
PASS  mobile /car-wraps/
PASS  mobile /commercial-vehicle-wraps/
PASS  mobile /truck-wraps/
PASS  mobile /van-wraps/
PASS  mobile /tesla-vinyl-wraps/
PASS  mobile /vehicle-paint-protection-film-toronto/
PASS  mobile /signage/
PASS  mobile /storefront-signs-toronto/
PASS  mobile /contact/
PASS  mobile /full-car-wrap-toronto/
PASS  mobile /car-wrap-faqs/
PASS  mobile /trailer-wrap-toronto/
PASS  mobile /car-lettering-and-decals-gta/
PASS  mobile /blogs/vwt-tinting/
PASS  mobile /blog/
PASS  mobile /our-work/
PASS  mobile /boat-wrap-toronto/

PASS  Automated WCAG checks on 36 route/viewport combinations
